
> conversation-memory-mcp@1.0.0 test
> mocha tests/

Iniciando pruebas para embeddingService.js
Inicializando el pipeline de embedding...
Loading embedding model: Xenova/all-MiniLM-L6-v2
npm.cmd : (node:25756) ExperimentalWarning: CommonJS module 
C:\Users\gomit\system-authentication\conversation-memory-mcp\tests\test-db.js 
is loading ES Module C:\Users\gomit\system-authentication\conversation-memory-m
cp\node_modules\chai\index.js using require().
At line:1 char:79
+ ... hentication/conversation-memory-mcp'; npm.cmd test *> test-output.txt
+                                           ~~~~~~~~~~~~~~~~~~~~~~~~~~~~~~~
    + CategoryInfo          : NotSpecified: ((node:25756) Ex...sing require(). 
   :String) [], RemoteException
    + FullyQualifiedErrorId : NativeCommandError
 
Support for loading ES Module in require() is an experimental feature and 
might change at any time
(Use `node --trace-warnings ...` to show where the warning was created)
Connected to SQLite database C:\Users\gomit\system-authentication\conversation-memory-mcp\conversations.db


  Database Initialization
    ΓêÜ deber├¡a inicializar correctamente
    1) deber├¡a tener la columna agent_id en la tabla conversations

  Delete Message Pair Tool
Embedding model loaded.
Pipeline de embedding inicializado.
Generando embedding real...
Embedding real generado: [-0.08062730729579926,0.029969647526741028,-0.0925...
Γ£à Prueba exitosa: El embedding generado es un array de n├║meros.
Γ£à Prueba exitosa: La dimensi├│n del embedding es 384 (esperado 384).
Guardando embedding para messageId: test-message-123
Embedding for message test-message-123 saved.
Embedding guardado correctamente.
Recuperando embedding para messageId: test-message-123
Embedding recuperado: [-0.08062730729579926,0.029969647526741028,-0.0925...
Γ£à Prueba exitosa: El embedding recuperado coincide con el guardado.
Pruebas finalizadas.
Embedding de prueba eliminado.
    2) "before each" hook for "deber├¡a eliminar el par de mensajes si se elimina uno de ellos"

  Delete Message Tool
    3) deber├¡a eliminar un mensaje y su embedding asociado correctamente
    4) deber├¡a resolver correctamente si el mensaje a eliminar no existe

  Delete Session Tool
    5) deber├¡a eliminar todos los mensajes y sus embeddings asociados para una sesi├│n
    6) "after each" hook for "deber├¡a eliminar todos los mensajes y sus embeddings asociados para una sesi├│n"

  Get Last Session Context Tool
    7) deber├¡a recuperar el contexto completo de la ├║ltima sesi├│n

  Last Session Tool
    8) deber├¡a recuperar la ├║ltima sesi├│n creada

  List Sessions Tool
    9) deber├¡a listar todas las sesiones disponibles

  Push To Engram Tool
    10) deber├¡a recuperar un mensaje espec├¡fico por su ID

  Recover Session Tool
    11) deber├¡a recuperar todos los mensajes de una sesi├│n en orden

  saveMessage
    12) "before each" hook for "should save a message successfully with required fields"
    13) "after each" hook for "should save a message successfully with required fields"

  Semantic Search Messages Tool
Initializing embedding pipeline for tests...
Embedding pipeline initialized.
    14) "before all" hook for "deber├¡a encontrar mensajes sem├ínticamente similares a una consulta"

  Session Summaries Tool
    15) "before each" hook for "deber├¡a generar y guardar un resumen de sesi├│n correctamente"

  16) "after all" hook in "{root}"

  1 passing (16s)
  16 failing

  1) Database Initialization
       deber├¡a tener la columna agent_id en la tabla conversations:
     Uncaught AssertionError: expected undefined to exist
      at Statement.<anonymous> (tests\test-db.js:17:33)
      at Statement.replacement (node_modules\sqlite3\lib\trace.js:25:27)
      at Statement.replacement (node_modules\sqlite3\lib\trace.js:25:27)

  2) Delete Message Pair Tool
       "before each" hook for "deber├¡a eliminar el par de mensajes si se elimina uno de ellos":
     Error: Timeout of 2000ms exceeded. For async tests and hooks, ensure "done()" is called; if returning a Promise, ensure it resolves. (C:\Users\gomit\system-authentication\conversation-memory-mcp\tests\test-delete-message-pair.js)
      at listOnTimeout (node:internal/timers:594:17)
      at process.processTimers (node:internal/timers:529:7)

  3) Delete Message Tool
       deber├¡a eliminar un mensaje y su embedding asociado correctamente:
     Error: Timeout of 2000ms exceeded. For async tests and hooks, ensure "done()" is called; if returning a Promise, ensure it resolves. (C:\Users\gomit\system-authentication\conversation-memory-mcp\tests\test-delete-message.js)
      at listOnTimeout (node:internal/timers:594:17)
      at process.processTimers (node:internal/timers:529:7)

  4) Delete Message Tool
       deber├¡a resolver correctamente si el mensaje a eliminar no existe:
     Error: Timeout of 2000ms exceeded. For async tests and hooks, ensure "done()" is called; if returning a Promise, ensure it resolves. (C:\Users\gomit\system-authentication\conversation-memory-mcp\tests\test-delete-message.js)
      at listOnTimeout (node:internal/timers:594:17)
      at process.processTimers (node:internal/timers:529:7)

  5) Delete Session Tool
       deber├¡a eliminar todos los mensajes y sus embeddings asociados para una sesi├│n:
     Error: Timeout of 2000ms exceeded. For async tests and hooks, ensure "done()" is called; if returning a Promise, ensure it resolves. (C:\Users\gomit\system-authentication\conversation-memory-mcp\tests\test-delete-session.js)
      at listOnTimeout (node:internal/timers:594:17)
      at process.processTimers (node:internal/timers:529:7)

  6) Delete Session Tool
       "after each" hook for "deber├¡a eliminar todos los mensajes y sus embeddings asociados para una sesi├│n":
     Error: Timeout of 2000ms exceeded. For async tests and hooks, ensure "done()" is called; if returning a Promise, ensure it resolves. (C:\Users\gomit\system-authentication\conversation-memory-mcp\tests\test-delete-session.js)
      at listOnTimeout (node:internal/timers:594:17)
      at process.processTimers (node:internal/timers:529:7)

  7) Get Last Session Context Tool
       deber├¡a recuperar el contexto completo de la ├║ltima sesi├│n:
     ZodError: [
  {
    "origin": "string",
    "code": "invalid_format",
    "format": "uuid",
    "pattern": "/^([0-9a-fA-F]{8}-[0-9a-fA-F]{4}-[1-8][0-9a-fA-F]{3}-[89abAB][0-9a-fA-F]{3}-[0-9a-fA-F]{12}|00000000-0000-0000-0000-000000000000|ffffffff-ffff-ffff-ffff-ffffffffffff)$/",
    "path": [
      "sessionId"
    ],
    "message": "Invalid UUID"
  }
]
      at saveMessage (src\tools\saveMessage.js:15:45)
      at Context.<anonymous> (tests\test-get-last-session-context.js:9:11)
      at process.processImmediate (node:internal/timers:491:21)

  8) Last Session Tool
       deber├¡a recuperar la ├║ltima sesi├│n creada:
     ZodError: [
  {
    "origin": "string",
    "code": "invalid_format",
    "format": "uuid",
    "pattern": "/^([0-9a-fA-F]{8}-[0-9a-fA-F]{4}-[1-8][0-9a-fA-F]{3}-[89abAB][0-9a-fA-F]{3}-[0-9a-fA-F]{12}|00000000-0000-0000-0000-000000000000|ffffffff-ffff-ffff-ffff-ffffffffffff)$/",
    "path": [
      "sessionId"
    ],
    "message": "Invalid UUID"
  }
]
      at saveMessage (src\tools\saveMessage.js:15:45)
      at Context.<anonymous> (tests\test-last-session.js:9:11)
      at process.processImmediate (node:internal/timers:491:21)

  9) List Sessions Tool
       deber├¡a listar todas las sesiones disponibles:
     ZodError: [
  {
    "origin": "string",
    "code": "invalid_format",
    "format": "uuid",
    "pattern": "/^([0-9a-fA-F]{8}-[0-9a-fA-F]{4}-[1-8][0-9a-fA-F]{3}-[89abAB][0-9a-fA-F]{3}-[0-9a-fA-F]{12}|00000000-0000-0000-0000-000000000000|ffffffff-ffff-ffff-ffff-ffffffffffff)$/",
    "path": [
      "sessionId"
    ],
    "message": "Invalid UUID"
  }
]
      at saveMessage (src\tools\saveMessage.js:15:45)
      at Context.<anonymous> (tests\test-list-sessions.js:10:11)
      at process.processImmediate (node:internal/timers:491:21)

  10) Push To Engram Tool
       deber├¡a recuperar un mensaje espec├¡fico por su ID:
     ZodError: [
  {
    "origin": "string",
    "code": "invalid_format",
    "format": "uuid",
    "pattern": "/^([0-9a-fA-F]{8}-[0-9a-fA-F]{4}-[1-8][0-9a-fA-F]{3}-[89abAB][0-9a-fA-F]{3}-[0-9a-fA-F]{12}|00000000-0000-0000-0000-000000000000|ffffffff-ffff-ffff-ffff-ffffffffffff)$/",
    "path": [
      "sessionId"
    ],
    "message": "Invalid UUID"
  }
]
      at saveMessage (src\tools\saveMessage.js:15:45)
      at Context.<anonymous> (tests\test-push-to-engram.js:12:11)
      at process.processImmediate (node:internal/timers:491:21)

  11) Recover Session Tool
       deber├¡a recuperar todos los mensajes de una sesi├│n en orden:
     ZodError: [
  {
    "origin": "string",
    "code": "invalid_format",
    "format": "uuid",
    "pattern": "/^([0-9a-fA-F]{8}-[0-9a-fA-F]{4}-[1-8][0-9a-fA-F]{3}-[89abAB][0-9a-fA-F]{3}-[0-9a-fA-F]{12}|00000000-0000-0000-0000-000000000000|ffffffff-ffff-ffff-ffff-ffffffffffff)$/",
    "path": [
      "sessionId"
    ],
    "message": "Invalid UUID"
  }
]
      at saveMessage (src\tools\saveMessage.js:15:45)
      at Context.<anonymous> (tests\test-recover-session.js:9:11)
      at process.processImmediate (node:internal/timers:491:21)

  12) saveMessage
       "before each" hook for "should save a message successfully with required fields":
     Error: Timeout of 2000ms exceeded. For async tests and hooks, ensure "done()" is called; if returning a Promise, ensure it resolves. (C:\Users\gomit\system-authentication\conversation-memory-mcp\tests\test-save.js)
      at listOnTimeout (node:internal/timers:594:17)
      at process.processTimers (node:internal/timers:529:7)

  13) saveMessage
       "after each" hook for "should save a message successfully with required fields":
     Error: Timeout of 2000ms exceeded. For async tests and hooks, ensure "done()" is called; if returning a Promise, ensure it resolves. (C:\Users\gomit\system-authentication\conversation-memory-mcp\tests\test-save.js)
      at listOnTimeout (node:internal/timers:594:17)
      at process.processTimers (node:internal/timers:529:7)

  14) Semantic Search Messages Tool
       "before all" hook for "deber├¡a encontrar mensajes sem├ínticamente similares a una consulta":
     ZodError: [
  {
    "origin": "string",
    "code": "invalid_format",
    "format": "uuid",
    "pattern": "/^([0-9a-fA-F]{8}-[0-9a-fA-F]{4}-[1-8][0-9a-fA-F]{3}-[89abAB][0-9a-fA-F]{3}-[0-9a-fA-F]{12}|00000000-0000-0000-0000-000000000000|ffffffff-ffff-ffff-ffff-ffffffffffff)$/",
    "path": [
      "sessionId"
    ],
    "message": "Invalid UUID"
  }
]
      at saveMessage (src\tools\saveMessage.js:15:45)
      at Context.<anonymous> (tests\test-search.js:19:11)
      at process.processTicksAndRejections (node:internal/process/task_queues:105:5)

  15) Session Summaries Tool
       "before each" hook for "deber├¡a generar y guardar un resumen de sesi├│n correctamente":
     ZodError: [
  {
    "origin": "string",
    "code": "invalid_format",
    "format": "uuid",
    "pattern": "/^([0-9a-fA-F]{8}-[0-9a-fA-F]{4}-[1-8][0-9a-fA-F]{3}-[89abAB][0-9a-fA-F]{3}-[0-9a-fA-F]{12}|00000000-0000-0000-0000-000000000000|ffffffff-ffff-ffff-ffff-ffffffffffff)$/",
    "path": [
      "sessionId"
    ],
    "message": "Invalid UUID"
  }
]
      at saveMessage (src\tools\saveMessage.js:15:45)
      at Context.<anonymous> (tests\test-summaries.js:28:11)

  16) "after all" hook in "{root}":
     Error: Timeout of 2000ms exceeded. For async tests and hooks, ensure "done()" is called; if returning a Promise, ensure it resolves.
      at listOnTimeout (node:internal/timers:594:17)
      at process.processTimers (node:internal/timers:529:7)



FATAL ERROR: Error::ThrowAsJavaScriptException napi_throw
----- Native stack trace -----

 1: 00007FF78925BA4B node::SetCppgcReference+16011
 2: 00007FF7891C5539 node::OnFatalError+265
 3: 00007FF789204C0C napi_fatal_error+156
 4: 00007FFBF0361B77 
 5: 00007FFBF0361FE8 
 6: 00007FFBF0381003 napi_register_module_v1+30883
 7: 00007FFBF0379CC8 napi_register_module_v1+1384
 8: 00007FF789201024 node_module_register+692
 9: 00007FF789201FA7 node_module_register+4663
10: 00007FF7892184D2 v8::base::CPU::has_popcnt+46786
11: 00007FF7892021F6 node_module_register+5254
12: 00007FF789273843 v8::base::CPU::has_cetss+43923
13: 00007FF78925188A node_api_throw_syntax_error+184842
14: 00007FF78929B5CB node::FreeEnvironment+139
15: 00007FF789170129 X509_STORE_get_cleanup+181449
16: 00007FF78920CB23 node::Start+4675
17: 00007FF78920B907 node::Start+39
18: 00007FF788F2E51C AES_cbc_encrypt+154444
19: 00007FF78A9A75B8 inflateValidate+22264
20: 00007FFC3DB5259D BaseThreadInitThunk+29
21: 00007FFC3EF4AF38 RtlUserThreadStart+40
